// Jest Snapshot v1, https://goo.gl/fbAQLP

exports[`Emphasis Parsing bold should be deep tokenized 1`] = `"<p><strong>bold with <code>code</code> and <em>italics</em> and <s>strikes</s> and <a href=\\"https://kiranparajuli.com.np\\">link</a></strong></p>"`;

exports[`Emphasis Parsing bold should match the consecutive occurrences 1`] = `"<p><strong>first bold</strong> <strong>second bold</strong> <strong>third bold</strong></p>"`;

exports[`Emphasis Parsing code should match the consecutive occurrences 1`] = `"<p><code>first code</code> <code>second code</code> <code>third code</code></p>"`;

exports[`Emphasis Parsing code should not be deep tokenized 1`] = `"<p><code>code with ~ gem and **bold** and *italics* and [link](https://kiranparajuli.com.np)</code></p>"`;

exports[`Emphasis Parsing code should not panic with angles inside 1`] = `"<p>Pre-formatted code blocks are used for writing about programming or markup source code. Rather than forming normal paragraphs, the lines of a code block are interpreted literally. Markdown wraps a code block in both <code>&lt;pre&gt;</code> and <code>&lt;code&gt;</code> tags.</p>"`;

exports[`Emphasis Parsing italics should be deep tokenized 1`] = `"<p><em>italics with <code>code</code> and <s>strikes</s> and <a href=\\"https://kiranparajuli.com.np\\">link</a></em></p>"`;

exports[`Emphasis Parsing italics should match the consecutive occurrences 1`] = `"<p><em>first italics</em> <em>second italics</em> <em>third italics</em></p>"`;

exports[`Emphasis Parsing link should deep tokenized the link title 1`] = `"<p><a href=\\"https://kiranparajuli.com.np\\"><em>italic</em> with <strong>bold</strong> and <code>code</code></a></p>"`;

exports[`Emphasis Parsing link should match the consecutive occurrences 1`] = `"<p><a href=\\"https://kiranparajuli.com.np\\">link</a> <a href=\\"https://kiranparajuli.com.np\\">link</a></p>"`;

exports[`Emphasis Parsing strikes should be deep tokenized 1`] = `"<p><s>strikes with ~ gem and <code>code</code> and <strong>bold</strong> and <em>italics</em> and <a href=\\"https://kiranparajuli.com.np\\">link</a></s></p>"`;

exports[`Emphasis Parsing strikes should match the consecutive occurrences 1`] = `"<p><s>first strikes</s> <s>second strikes</s> <s>third strikes</s></p>"`;
