// Jest Snapshot v1, https://goo.gl/fbAQLP

exports[`Heading Parsing should parse a fenced Heading 1`] = `
"<h1>Heading</h1>
<h1>Heading###</h1>
"
`;
