// Jest Snapshot v1, https://goo.gl/fbAQLP

exports[`code highlight support should highlight code blocks 1`] = `
"<pre><code class='language-javascript'><span class=\\"hljs-keyword\\">const</span> a = <span class=\\"hljs-number\\">1</span></code></pre>
"
`;
