// Jest Snapshot v1, https://goo.gl/fbAQLP

exports[`Small MD To HTML should parse the small markdown file content to html 1`] = `
"<!-- https://regex101.com/r/C6SxZH/1-->
<h1>Heading One <code>CODE INSIDE</code></h1>
<h2>Heading Two</h2>
<h3>Heading Three</h3>
<h4>Heading Four</h4>
<h5>Heading Five</h5>
<h6>Heading Six</h6>
<p>a paragraph of words <code>first code</code> normal text here <code>code body</code> <em>first italics</em> here me crying <em>italic body</em> here me crying <strong>first bolds</strong> some normal again <strong>bold body</strong> <a href=\\"https://kiranparajuli.com.np\\">Kiran Parajuli</a> <s>strikes body</s> here some normal again at the last</p>
<blockquote>
  <p> some quote with <u>Underline</u></p>
</blockquote>
<ul>
  <li>list item 1</li>
  <li>list item 2</li>
</ul>
<ul>
  <li>list item 3</li>
  <li>list item 4</li>
</ul>
<ul>
  <li>list item 5</li>
  <li>list item 6</li>
</ul>
<ul>
  <li><input type='checkbox'>checkbox empty</li>
  <li><input type='checkbox' checked>checkbox checked</li>
</ul>
<ul>
  <li><input type='checkbox'>checkbox empty</li>
  <li><input type='checkbox' checked>checkbox checked</li>
</ul>
<ul>
  <li><input type='checkbox'>checkbox empty</li>
  <li><input type='checkbox' checked>checkbox checked</li>
</ul>
<ol>
  <li>numbered list item 1</li>
  <li>numbered list item 2</li>
</ol>
<ol>
  <li><input type='checkbox'>numbered checkbox empty</li>
  <li><input type='checkbox' checked>numbered checkbox checked paragraph just below hmm, but with some fun :)</li>
</ol>
<blockquote>
  <p> quote 1</p>
<blockquote>
  <p> nested quote 2 <a href=\\"quote-link-url\\">quote-link</a></p>
<blockquote>
  <p> nested quote 3 with <em>italics</em> and <strong>bolds</strong></p>
</blockquote>
</blockquote>
</blockquote>
<pre><code class='language-js'>
  const a = 1;
const b = 1;
const c = a + b;

if (c === 2) {
  console.log(&#39;success&#39;);
} else {
  console.log(&#39;failure&#39;);
}
</code></pre>
<p>  some line with small space ahead</p>
<pre><code class='language-js'>
  
</code></pre>
<p>some piece of normal paragraph with <u>underlined text</u></p>
<pre><code>
  another code block is here
</code></pre>
<img src='https://avatars.githubusercontent.com/u/39373750?v=4' alt='Kiran Parajuli'><p>some random text</p>
<table>
  <thead>
    <tr><th>column 1</th><th>column 2</th><th>column 3</th></tr>
  </thead>
  <tbody>
    <tr><td>r1 text c1</td><td>r1 <u>text</u> c2</td><td>r1 text c3</td></tr>
    <tr><td>r2 text c1</td><td>r2 <strong>text</strong> c2</td><td>r2 text c3</td></tr>
    <tr><td>r3 text c1</td><td>r3 <strong>text</strong> c2</td><td>r3 text c3</td></tr>
    <tr><td>r4 text c1</td><td>r4 <em>text</em> c2</td><td>r5 text c3</td></tr>
    <tr><td>r6 text c1</td><td>r6 <s>text</s> c2</td><td>r6 text c3</td></tr>
  </tbody>
</table>
<p>some random text again just below table | abc | def | |---|---|</p>
<p>text text text <strong>bold <em>with</em> <code>gems</code> <a href=\\"treasure-chest\\">ruby</a> <s>please</s></strong> text text text text text text <em>italics <code>with</code> <a href=\\"ruby\\">gems</a> <s>please</s></em> text text text text text text <s>strikes <em>with</em> <code>gems</code> <strong>ruby</strong> <a href=\\"no-sparkle\\">gold</a></s> text text text text <strong>text <strong>text</strong> <code>text</code> <em>text</em> <a href=\\"xt\\">te</a> text</strong> text</p>
<p><a href=\\"ruby\\"><em>bold</em> and <code>gem</code>ss</a> and some text</p>
"
`;
